Archive member included to satisfy reference by file (symbol)

c:/program files (x86)/atmel/studio/7.0/toolchain/avr8/avr8-gnu-toolchain/bin/../lib/gcc/avr/5.4.0/avr5\libgcc.a(_udivmodhi4.o)
                              HAL/LCD/lcd.o (__udivmodhi4)
c:/program files (x86)/atmel/studio/7.0/toolchain/avr8/avr8-gnu-toolchain/bin/../lib/gcc/avr/5.4.0/avr5\libgcc.a(_udivmodsi4.o)
                              COMM/UART/UART.o (__udivmodsi4)
c:/program files (x86)/atmel/studio/7.0/toolchain/avr8/avr8-gnu-toolchain/bin/../lib/gcc/avr/5.4.0/avr5\libgcc.a(_exit.o)
                              C:/Program Files (x86)/Atmel/Studio/7.0/Packs/atmel/ATmega_DFP/1.7.374/gcc/dev/atmega32/avr5/crtatmega32.o (exit)
c:/program files (x86)/atmel/studio/7.0/toolchain/avr8/avr8-gnu-toolchain/bin/../lib/gcc/avr/5.4.0/avr5\libgcc.a(_copy_data.o)
                              FREE_RTOS/tasks.o (__do_copy_data)
c:/program files (x86)/atmel/studio/7.0/toolchain/avr8/avr8-gnu-toolchain/bin/../lib/gcc/avr/5.4.0/avr5\libgcc.a(_clear_bss.o)
                              FREE_RTOS/heap_1.o (__do_clear_bss)
c:/program files (x86)/atmel/studio/7.0/toolchain/avr8/avr8-gnu-toolchain/bin/../lib/gcc/avr/5.4.0/avr5\libgcc.a(_umulhisi3.o)
                              HAL/LCD/lcd.o (__umulhisi3)
c:/program files (x86)/atmel/studio/7.0/toolchain/avr8/avr8-gnu-toolchain/bin/../lib/gcc/avr/5.4.0/../../../../avr/lib/avr5\libc.a(memcpy.o)
                              FREE_RTOS/queue.o (memcpy)
c:/program files (x86)/atmel/studio/7.0/toolchain/avr8/avr8-gnu-toolchain/bin/../lib/gcc/avr/5.4.0/../../../../avr/lib/avr5\libc.a(itoa_ncheck.o)
                              HAL/LCD/lcd.o (__itoa_ncheck)
c:/program files (x86)/atmel/studio/7.0/toolchain/avr8/avr8-gnu-toolchain/bin/../lib/gcc/avr/5.4.0/../../../../avr/lib/avr5\libc.a(utoa_ncheck.o)
                              c:/program files (x86)/atmel/studio/7.0/toolchain/avr8/avr8-gnu-toolchain/bin/../lib/gcc/avr/5.4.0/../../../../avr/lib/avr5\libc.a(itoa_ncheck.o) (__utoa_common)
c:/program files (x86)/atmel/studio/7.0/toolchain/avr8/avr8-gnu-toolchain/bin/../lib/gcc/avr/5.4.0/../../../../avr/lib/avr5\libc.a(strrev.o)
                              c:/program files (x86)/atmel/studio/7.0/toolchain/avr8/avr8-gnu-toolchain/bin/../lib/gcc/avr/5.4.0/../../../../avr/lib/avr5\libc.a(utoa_ncheck.o) (strrev)

Allocating common symbols
Common symbol       size              file

ADC_chain           0x7               main.o
ADC_ISR_Source      0x1               MCAL/ADC/ADC.o

Discarded input sections

 .data          0x00000000        0x0 C:/Program Files (x86)/Atmel/Studio/7.0/Packs/atmel/ATmega_DFP/1.7.374/gcc/dev/atmega32/avr5/crtatmega32.o
 .bss           0x00000000        0x0 C:/Program Files (x86)/Atmel/Studio/7.0/Packs/atmel/ATmega_DFP/1.7.374/gcc/dev/atmega32/avr5/crtatmega32.o
 .text          0x00000000        0x0 COMM/UART/UART.o
 .data          0x00000000        0x0 COMM/UART/UART.o
 .bss           0x00000000        0x0 COMM/UART/UART.o
 .text.UART_init
                0x00000000       0x24 COMM/UART/UART.o
 .text.UART_SendData
                0x00000000        0x8 COMM/UART/UART.o
 .text.UART_ReceivedData
                0x00000000        0x8 COMM/UART/UART.o
 .text.UART_voidSendStringBlocking
                0x00000000       0x1a COMM/UART/UART.o
 .text.UART_voidWriteDecimalNumber
                0x00000000       0xc0 COMM/UART/UART.o
 .debug_info    0x00000000      0x164 COMM/UART/UART.o
 .debug_abbrev  0x00000000      0x113 COMM/UART/UART.o
 .debug_loc     0x00000000      0x174 COMM/UART/UART.o
 .debug_aranges
                0x00000000       0x40 COMM/UART/UART.o
 .debug_ranges  0x00000000       0x30 COMM/UART/UART.o
 .debug_line    0x00000000      0x14f COMM/UART/UART.o
 .debug_str     0x00000000      0x208 COMM/UART/UART.o
 .comment       0x00000000       0x31 COMM/UART/UART.o
 .debug_frame   0x00000000       0x98 COMM/UART/UART.o
 .text          0x00000000        0x0 FREE_RTOS/croutine.o
 .data          0x00000000        0x0 FREE_RTOS/croutine.o
 .bss           0x00000000        0x0 FREE_RTOS/croutine.o
 .debug_info    0x00000000       0x64 FREE_RTOS/croutine.o
 .debug_abbrev  0x00000000       0x26 FREE_RTOS/croutine.o
 .debug_aranges
                0x00000000       0x18 FREE_RTOS/croutine.o
 .debug_line    0x00000000       0x1a FREE_RTOS/croutine.o
 .debug_str     0x00000000      0x17b FREE_RTOS/croutine.o
 .comment       0x00000000       0x31 FREE_RTOS/croutine.o
 .text          0x00000000        0x0 FREE_RTOS/event_groups.o
 .data          0x00000000        0x0 FREE_RTOS/event_groups.o
 .bss           0x00000000        0x0 FREE_RTOS/event_groups.o
 .text.prvTestWaitCondition
                0x00000000       0x26 FREE_RTOS/event_groups.o
 .text.xEventGroupCreate
                0x00000000       0x26 FREE_RTOS/event_groups.o
 .text.xEventGroupWaitBits
                0x00000000       0xe4 FREE_RTOS/event_groups.o
 .text.xEventGroupClearBits
                0x00000000       0x1e FREE_RTOS/event_groups.o
 .text.xEventGroupGetBitsFromISR
                0x00000000        0x8 FREE_RTOS/event_groups.o
 .text.xEventGroupSetBits
                0x00000000       0xc8 FREE_RTOS/event_groups.o
 .text.xEventGroupSync
                0x00000000       0xd6 FREE_RTOS/event_groups.o
 .text.vEventGroupDelete
                0x00000000       0x2e FREE_RTOS/event_groups.o
 .text.vEventGroupSetBitsCallback
                0x00000000        0x8 FREE_RTOS/event_groups.o
 .text.vEventGroupClearBitsCallback
                0x00000000        0x8 FREE_RTOS/event_groups.o
 .debug_info    0x00000000      0x8df FREE_RTOS/event_groups.o
 .debug_abbrev  0x00000000      0x1dc FREE_RTOS/event_groups.o
 .debug_loc     0x00000000      0xb41 FREE_RTOS/event_groups.o
 .debug_aranges
                0x00000000       0x68 FREE_RTOS/event_groups.o
 .debug_ranges  0x00000000       0x70 FREE_RTOS/event_groups.o
 .debug_line    0x00000000      0x404 FREE_RTOS/event_groups.o
 .debug_str     0x00000000      0x58f FREE_RTOS/event_groups.o
 .comment       0x00000000       0x31 FREE_RTOS/event_groups.o
 .debug_frame   0x00000000      0x15c FREE_RTOS/event_groups.o
 .text          0x00000000        0x0 FREE_RTOS/heap_1.o
 .data          0x00000000        0x0 FREE_RTOS/heap_1.o
 .bss           0x00000000        0x0 FREE_RTOS/heap_1.o
 .text.vPortInitialiseBlocks
                0x00000000        0xa FREE_RTOS/heap_1.o
 .text.xPortGetFreeHeapSize
                0x00000000       0x12 FREE_RTOS/heap_1.o
 .text          0x00000000        0x0 FREE_RTOS/list.o
 .data          0x00000000        0x0 FREE_RTOS/list.o
 .bss           0x00000000        0x0 FREE_RTOS/list.o
 .text          0x00000000        0x0 FREE_RTOS/port.o
 .data          0x00000000        0x0 FREE_RTOS/port.o
 .bss           0x00000000        0x0 FREE_RTOS/port.o
 .text.vPortEndScheduler
                0x00000000        0x2 FREE_RTOS/port.o
 .text          0x00000000        0x0 FREE_RTOS/queue.o
 .data          0x00000000        0x0 FREE_RTOS/queue.o
 .bss           0x00000000        0x0 FREE_RTOS/queue.o
 .text.prvCopyDataFromQueue
                0x00000000       0x34 FREE_RTOS/queue.o
 .text.xQueueCreateCountingSemaphore
                0x00000000       0x18 FREE_RTOS/queue.o
 .text.prvInitialiseMutex
                0x00000000       0x20 FREE_RTOS/queue.o
 .text.xQueueCreateMutex
                0x00000000       0x1c FREE_RTOS/queue.o
 .text.xQueueGenericSendFromISR
                0x00000000       0x74 FREE_RTOS/queue.o
 .text.xQueueGiveFromISR
                0x00000000       0x52 FREE_RTOS/queue.o
 .text.xQueueReceive
                0x00000000      0x11e FREE_RTOS/queue.o
 .text.xQueuePeek
                0x00000000      0x122 FREE_RTOS/queue.o
 .text.xQueueReceiveFromISR
                0x00000000       0x6e FREE_RTOS/queue.o
 .text.xQueuePeekFromISR
                0x00000000       0x2e FREE_RTOS/queue.o
 .text.uxQueueMessagesWaiting
                0x00000000       0x10 FREE_RTOS/queue.o
 .text.uxQueueSpacesAvailable
                0x00000000       0x16 FREE_RTOS/queue.o
 .text.uxQueueMessagesWaitingFromISR
                0x00000000        0x6 FREE_RTOS/queue.o
 .text.vQueueDelete
                0x00000000        0x6 FREE_RTOS/queue.o
 .text.xQueueIsQueueEmptyFromISR
                0x00000000       0x10 FREE_RTOS/queue.o
 .text.xQueueIsQueueFullFromISR
                0x00000000       0x12 FREE_RTOS/queue.o
 .text          0x00000000        0x0 FREE_RTOS/stream_buffer.o
 .data          0x00000000        0x0 FREE_RTOS/stream_buffer.o
 .bss           0x00000000        0x0 FREE_RTOS/stream_buffer.o
 .text.prvBytesInBuffer
                0x00000000       0x26 FREE_RTOS/stream_buffer.o
 .text.prvInitialiseNewStreamBuffer
                0x00000000       0x20 FREE_RTOS/stream_buffer.o
 .text.prvWriteBytesToBuffer
                0x00000000       0x92 FREE_RTOS/stream_buffer.o
 .text.prvWriteMessageToBuffer
                0x00000000       0x8a FREE_RTOS/stream_buffer.o
 .text.prvReadBytesFromBuffer
                0x00000000       0xa0 FREE_RTOS/stream_buffer.o
 .text.prvReadMessageFromBuffer
                0x00000000       0x8c FREE_RTOS/stream_buffer.o
 .text.xStreamBufferGenericCreate
                0x00000000       0x5a FREE_RTOS/stream_buffer.o
 .text.vStreamBufferDelete
                0x00000000       0x1a FREE_RTOS/stream_buffer.o
 .text.xStreamBufferReset
                0x00000000       0x3e FREE_RTOS/stream_buffer.o
 .text.xStreamBufferSetTriggerLevel
                0x00000000       0x22 FREE_RTOS/stream_buffer.o
 .text.xStreamBufferSpacesAvailable
                0x00000000       0x24 FREE_RTOS/stream_buffer.o
 .text.xStreamBufferBytesAvailable
                0x00000000        0x6 FREE_RTOS/stream_buffer.o
 .text.xStreamBufferSend
                0x00000000      0x14c FREE_RTOS/stream_buffer.o
 .text.xStreamBufferSendFromISR
                0x00000000       0x8c FREE_RTOS/stream_buffer.o
 .text.xStreamBufferReceive
                0x00000000       0xf8 FREE_RTOS/stream_buffer.o
 .text.xStreamBufferNextMessageLengthBytes
                0x00000000       0x66 FREE_RTOS/stream_buffer.o
 .text.xStreamBufferReceiveFromISR
                0x00000000       0x88 FREE_RTOS/stream_buffer.o
 .text.xStreamBufferIsEmpty
                0x00000000       0x18 FREE_RTOS/stream_buffer.o
 .text.xStreamBufferIsFull
                0x00000000       0x2c FREE_RTOS/stream_buffer.o
 .text.xStreamBufferSendCompletedFromISR
                0x00000000       0x46 FREE_RTOS/stream_buffer.o
 .text.xStreamBufferReceiveCompletedFromISR
                0x00000000       0x46 FREE_RTOS/stream_buffer.o
 .debug_info    0x00000000     0x12df FREE_RTOS/stream_buffer.o
 .debug_abbrev  0x00000000      0x22a FREE_RTOS/stream_buffer.o
 .debug_loc     0x00000000     0x1c5a FREE_RTOS/stream_buffer.o
 .debug_aranges
                0x00000000       0xc0 FREE_RTOS/stream_buffer.o
 .debug_ranges  0x00000000       0xb0 FREE_RTOS/stream_buffer.o
 .debug_line    0x00000000      0x76b FREE_RTOS/stream_buffer.o
 .debug_str     0x00000000      0x7a7 FREE_RTOS/stream_buffer.o
 .comment       0x00000000       0x31 FREE_RTOS/stream_buffer.o
 .debug_frame   0x00000000      0x3e8 FREE_RTOS/stream_buffer.o
 .text          0x00000000        0x0 FREE_RTOS/tasks.o
 .data          0x00000000        0x0 FREE_RTOS/tasks.o
 .bss           0x00000000        0x0 FREE_RTOS/tasks.o
 .text.prvTaskIsTaskSuspended
                0x00000000       0x2e FREE_RTOS/tasks.o
 .text.vTaskDelete
                0x00000000       0xa2 FREE_RTOS/tasks.o
 .text.uxTaskPriorityGet
                0x00000000       0x1e FREE_RTOS/tasks.o
 .text.uxTaskPriorityGetFromISR
                0x00000000       0x14 FREE_RTOS/tasks.o
 .text.vTaskResume
                0x00000000       0x84 FREE_RTOS/tasks.o
 .text.xTaskResumeFromISR
                0x00000000       0x90 FREE_RTOS/tasks.o
 .text.vTaskEndScheduler
                0x00000000        0xc FREE_RTOS/tasks.o
 .text.xTaskGetTickCount
                0x00000000       0x14 FREE_RTOS/tasks.o
 .text.xTaskGetTickCountFromISR
                0x00000000        0xa FREE_RTOS/tasks.o
 .text.uxTaskGetNumberOfTasks
                0x00000000        0x6 FREE_RTOS/tasks.o
 .text.pcTaskGetName
                0x00000000       0x10 FREE_RTOS/tasks.o
 .text.vTaskDelayUntil
                0x00000000       0x82 FREE_RTOS/tasks.o
 .text.vTaskSuspend
                0x00000000       0xa4 FREE_RTOS/tasks.o
 .text.vTaskPlaceOnUnorderedEventList
                0x00000000       0x32 FREE_RTOS/tasks.o
 .text.vTaskRemoveFromUnorderedEventList
                0x00000000       0x70 FREE_RTOS/tasks.o
 .text.vTaskSetTimeOutState
                0x00000000       0x20 FREE_RTOS/tasks.o
 .text.xTaskGetCurrentTaskHandle
                0x00000000        0xa FREE_RTOS/tasks.o
 .text.uxTaskResetEventItemValue
                0x00000000       0x2e FREE_RTOS/tasks.o
 .text.ulTaskNotifyTake
                0x00000000       0xae FREE_RTOS/tasks.o
 .text.xTaskNotifyWait
                0x00000000      0x108 FREE_RTOS/tasks.o
 .text.xTaskGenericNotify
                0x00000000      0x10a FREE_RTOS/tasks.o
 .text.xTaskGenericNotifyFromISR
                0x00000000      0x12e FREE_RTOS/tasks.o
 .text.vTaskNotifyGiveFromISR
                0x00000000       0xb4 FREE_RTOS/tasks.o
 .text.xTaskNotifyStateClear
                0x00000000       0x28 FREE_RTOS/tasks.o
 .text          0x00000000        0x0 FREE_RTOS/timers.o
 .data          0x00000000        0x0 FREE_RTOS/timers.o
 .bss           0x00000000        0x0 FREE_RTOS/timers.o
 .debug_info    0x00000000       0x64 FREE_RTOS/timers.o
 .debug_abbrev  0x00000000       0x26 FREE_RTOS/timers.o
 .debug_aranges
                0x00000000       0x18 FREE_RTOS/timers.o
 .debug_line    0x00000000       0x1a FREE_RTOS/timers.o
 .debug_str     0x00000000      0x179 FREE_RTOS/timers.o
 .comment       0x00000000       0x31 FREE_RTOS/timers.o
 .text          0x00000000        0x0 HAL/Button/Button.o
 .data          0x00000000        0x0 HAL/Button/Button.o
 .bss           0x00000000        0x0 HAL/Button/Button.o
 .text.Button_Init
                0x00000000        0xe HAL/Button/Button.o
 .text.Button_read
                0x00000000       0x24 HAL/Button/Button.o
 .debug_info    0x00000000      0x17a HAL/Button/Button.o
 .debug_abbrev  0x00000000       0xcc HAL/Button/Button.o
 .debug_loc     0x00000000       0xf8 HAL/Button/Button.o
 .debug_aranges
                0x00000000       0x28 HAL/Button/Button.o
 .debug_ranges  0x00000000       0x18 HAL/Button/Button.o
 .debug_line    0x00000000       0xc8 HAL/Button/Button.o
 .debug_str     0x00000000      0x1cb HAL/Button/Button.o
 .comment       0x00000000       0x31 HAL/Button/Button.o
 .debug_frame   0x00000000       0x44 HAL/Button/Button.o
 .text          0x00000000        0x0 HAL/keypad/keypad.o
 .data          0x00000000        0x0 HAL/keypad/keypad.o
 .bss           0x00000000        0x0 HAL/keypad/keypad.o
 .data.rowpins  0x00000000        0x4 HAL/keypad/keypad.o
 .text          0x00000000        0x0 HAL/LCD/lcd.o
 .data          0x00000000        0x0 HAL/LCD/lcd.o
 .bss           0x00000000        0x0 HAL/LCD/lcd.o
 .text.LCD_sendSpecial_char
                0x00000000       0x54 HAL/LCD/lcd.o
 .text.LCD_VoidIntgerToString
                0x00000000       0x3a HAL/LCD/lcd.o
 .text          0x00000000        0x0 main.o
 .data          0x00000000        0x0 main.o
 .bss           0x00000000        0x0 main.o
 .text          0x00000000        0x0 MCAL/ADC/ADC.o
 .data          0x00000000        0x0 MCAL/ADC/ADC.o
 .bss           0x00000000        0x0 MCAL/ADC/ADC.o
 .text.ADC_Start_Conversion
                0x00000000       0x20 MCAL/ADC/ADC.o
 .text.ADC_Start_Conversion_SYN
                0x00000000       0x42 MCAL/ADC/ADC.o
 .text.ADC_Start_Conversion_ASYN
                0x00000000       0x56 MCAL/ADC/ADC.o
 .text.ADC_voidStartConversionWithInterrupt
                0x00000000       0x16 MCAL/ADC/ADC.o
 .text.ADC_voidSetCallBack
                0x00000000        0xa MCAL/ADC/ADC.o
 .text.ADC_u16ADCRead
                0x00000000        0x6 MCAL/ADC/ADC.o
 .text.ADC_voidInterruptEnable
                0x00000000        0x8 MCAL/ADC/ADC.o
 .text.ISR      0x00000000       0x10 MCAL/ADC/ADC.o
 .bss.ADC_CallBack
                0x00000000        0x2 MCAL/ADC/ADC.o
 .text          0x00000000        0x0 MCAL/DIO/DIO.o
 .data          0x00000000        0x0 MCAL/DIO/DIO.o
 .bss           0x00000000        0x0 MCAL/DIO/DIO.o
 .text.DIO_set_port_direction
                0x00000000       0x52 MCAL/DIO/DIO.o
 .text.DIO_set_port_data
                0x00000000       0x52 MCAL/DIO/DIO.o
 .text.DIO_get_pin_value
                0x00000000       0x70 MCAL/DIO/DIO.o
 .text.DIO_set_port_dir
                0x00000000       0x24 MCAL/DIO/DIO.o
 .text          0x00000000        0x0 MCAL/EXTI/Interrupt.o
 .data          0x00000000        0x0 MCAL/EXTI/Interrupt.o
 .bss           0x00000000        0x0 MCAL/EXTI/Interrupt.o
 .text.global_inti_Enable
                0x00000000        0x8 MCAL/EXTI/Interrupt.o
 .text.EXT0_Interrupt_enable
                0x00000000       0x1a MCAL/EXTI/Interrupt.o
 .text.EXT1_Interrupt_enable
                0x00000000       0x1a MCAL/EXTI/Interrupt.o
 .debug_info    0x00000000       0x9e MCAL/EXTI/Interrupt.o
 .debug_abbrev  0x00000000       0x44 MCAL/EXTI/Interrupt.o
 .debug_aranges
                0x00000000       0x30 MCAL/EXTI/Interrupt.o
 .debug_ranges  0x00000000       0x20 MCAL/EXTI/Interrupt.o
 .debug_line    0x00000000       0xc8 MCAL/EXTI/Interrupt.o
 .debug_str     0x00000000      0x19e MCAL/EXTI/Interrupt.o
 .comment       0x00000000       0x31 MCAL/EXTI/Interrupt.o
 .debug_frame   0x00000000       0x44 MCAL/EXTI/Interrupt.o
 .text          0x00000000        0x0 MCAL/TIMER/Timer.o
 .data          0x00000000        0x0 MCAL/TIMER/Timer.o
 .bss           0x00000000        0x0 MCAL/TIMER/Timer.o
 .text.Timer0_init
                0x00000000       0x24 MCAL/TIMER/Timer.o
 .text.timer0_start_Preload
                0x00000000        0x4 MCAL/TIMER/Timer.o
 .text.Timer_stop
                0x00000000        0x4 MCAL/TIMER/Timer.o
 .text.timer0_Get_busywait
                0x00000000        0xe MCAL/TIMER/Timer.o
 .text.timer0_setCallBack
                0x00000000       0x14 MCAL/TIMER/Timer.o
 .text.timer0_ComparaMatch_setCallBack
                0x00000000        0xc MCAL/TIMER/Timer.o
 .text.Timer1_init
                0x00000000       0x48 MCAL/TIMER/Timer.o
 .text.Timer1_voidSetChannelACompValue
                0x00000000        0x6 MCAL/TIMER/Timer.o
 .text          0x00000000        0x0 c:/program files (x86)/atmel/studio/7.0/toolchain/avr8/avr8-gnu-toolchain/bin/../lib/gcc/avr/5.4.0/avr5\libgcc.a(_udivmodhi4.o)
 .data          0x00000000        0x0 c:/program files (x86)/atmel/studio/7.0/toolchain/avr8/avr8-gnu-toolchain/bin/../lib/gcc/avr/5.4.0/avr5\libgcc.a(_udivmodhi4.o)
 .bss           0x00000000        0x0 c:/program files (x86)/atmel/studio/7.0/toolchain/avr8/avr8-gnu-toolchain/bin/../lib/gcc/avr/5.4.0/avr5\libgcc.a(_udivmodhi4.o)
 .text.libgcc.mul
                0x00000000        0x0 c:/program files (x86)/atmel/studio/7.0/toolchain/avr8/avr8-gnu-toolchain/bin/../lib/gcc/avr/5.4.0/avr5\libgcc.a(_udivmodhi4.o)
 .text.libgcc   0x00000000        0x0 c:/program files (x86)/atmel/studio/7.0/toolchain/avr8/avr8-gnu-toolchain/bin/../lib/gcc/avr/5.4.0/avr5\libgcc.a(_udivmodhi4.o)
 .text.libgcc.prologue
                0x00000000        0x0 c:/program files (x86)/atmel/studio/7.0/toolchain/avr8/avr8-gnu-toolchain/bin/../lib/gcc/avr/5.4.0/avr5\libgcc.a(_udivmodhi4.o)
 .text.libgcc.builtins
                0x00000000        0x0 c:/program files (x86)/atmel/studio/7.0/toolchain/avr8/avr8-gnu-toolchain/bin/../lib/gcc/avr/5.4.0/avr5\libgcc.a(_udivmodhi4.o)
 .text.libgcc.fmul
                0x00000000        0x0 c:/program files (x86)/atmel/studio/7.0/toolchain/avr8/avr8-gnu-toolchain/bin/../lib/gcc/avr/5.4.0/avr5\libgcc.a(_udivmodhi4.o)
 .text.libgcc.fixed
                0x00000000        0x0 c:/program files (x86)/atmel/studio/7.0/toolchain/avr8/avr8-gnu-toolchain/bin/../lib/gcc/avr/5.4.0/avr5\libgcc.a(_udivmodhi4.o)
 .text          0x00000000        0x0 c:/program files (x86)/atmel/studio/7.0/toolchain/avr8/avr8-gnu-toolchain/bin/../lib/gcc/avr/5.4.0/avr5\libgcc.a(_udivmodsi4.o)
 .data          0x00000000        0x0 c:/program files (x86)/atmel/studio/7.0/toolchain/avr8/avr8-gnu-toolchain/bin/../lib/gcc/avr/5.4.0/avr5\libgcc.a(_udivmodsi4.o)
 .bss           0x00000000        0x0 c:/program files (x86)/atmel/studio/7.0/toolchain/avr8/avr8-gnu-toolchain/bin/../lib/gcc/avr/5.4.0/avr5\libgcc.a(_udivmodsi4.o)
 .text.libgcc.mul
                0x00000000        0x0 c:/program files (x86)/atmel/studio/7.0/toolchain/avr8/avr8-gnu-toolchain/bin/../lib/gcc/avr/5.4.0/avr5\libgcc.a(_udivmodsi4.o)
 .text.libgcc   0x00000000        0x0 c:/program files (x86)/atmel/studio/7.0/toolchain/avr8/avr8-gnu-toolchain/bin/../lib/gcc/avr/5.4.0/avr5\libgcc.a(_udivmodsi4.o)
 .text.libgcc.prologue
                0x00000000        0x0 c:/program files (x86)/atmel/studio/7.0/toolchain/avr8/avr8-gnu-toolchain/bin/../lib/gcc/avr/5.4.0/avr5\libgcc.a(_udivmodsi4.o)
 .text.libgcc.builtins
                0x00000000        0x0 c:/program files (x86)/atmel/studio/7.0/toolchain/avr8/avr8-gnu-toolchain/bin/../lib/gcc/avr/5.4.0/avr5\libgcc.a(_udivmodsi4.o)
 .text.libgcc.fmul
                0x00000000        0x0 c:/program files (x86)/atmel/studio/7.0/toolchain/avr8/avr8-gnu-toolchain/bin/../lib/gcc/avr/5.4.0/avr5\libgcc.a(_udivmodsi4.o)
 .text.libgcc.fixed
                0x00000000        0x0 c:/program files (x86)/atmel/studio/7.0/toolchain/avr8/avr8-gnu-toolchain/bin/../lib/gcc/avr/5.4.0/avr5\libgcc.a(_udivmodsi4.o)
 .text          0x00000000        0x0 c:/program files (x86)/atmel/studio/7.0/toolchain/avr8/avr8-gnu-toolchain/bin/../lib/gcc/avr/5.4.0/avr5\libgcc.a(_exit.o)
 .data          0x00000000        0x0 c:/program files (x86)/atmel/studio/7.0/toolchain/avr8/avr8-gnu-toolchain/bin/../lib/gcc/avr/5.4.0/avr5\libgcc.a(_exit.o)
 .bss           0x00000000        0x0 c:/program files (x86)/atmel/studio/7.0/toolchain/avr8/avr8-gnu-toolchain/bin/../lib/gcc/avr/5.4.0/avr5\libgcc.a(_exit.o)
 .text.libgcc.mul
                0x00000000        0x0 c:/program files (x86)/atmel/studio/7.0/toolchain/avr8/avr8-gnu-toolchain/bin/../lib/gcc/avr/5.4.0/avr5\libgcc.a(_exit.o)
 .text.libgcc.div
                0x00000000        0x0 c:/program files (x86)/atmel/studio/7.0/toolchain/avr8/avr8-gnu-toolchain/bin/../lib/gcc/avr/5.4.0/avr5\libgcc.a(_exit.o)
 .text.libgcc   0x00000000        0x0 c:/program files (x86)/atmel/studio/7.0/toolchain/avr8/avr8-gnu-toolchain/bin/../lib/gcc/avr/5.4.0/avr5\libgcc.a(_exit.o)
 .text.libgcc.prologue
                0x00000000        0x0 c:/program files (x86)/atmel/studio/7.0/toolchain/avr8/avr8-gnu-toolchain/bin/../lib/gcc/avr/5.4.0/avr5\libgcc.a(_exit.o)
 .text.libgcc.builtins
                0x00000000        0x0 c:/program files (x86)/atmel/studio/7.0/toolchain/avr8/avr8-gnu-toolchain/bin/../lib/gcc/avr/5.4.0/avr5\libgcc.a(_exit.o)
 .text.libgcc.fmul
                0x00000000        0x0 c:/program files (x86)/atmel/studio/7.0/toolchain/avr8/avr8-gnu-toolchain/bin/../lib/gcc/avr/5.4.0/avr5\libgcc.a(_exit.o)
 .text.libgcc.fixed
                0x00000000        0x0 c:/program files (x86)/atmel/studio/7.0/toolchain/avr8/avr8-gnu-toolchain/bin/../lib/gcc/avr/5.4.0/avr5\libgcc.a(_exit.o)
 .text          0x00000000        0x0 c:/program files (x86)/atmel/studio/7.0/toolchain/avr8/avr8-gnu-toolchain/bin/../lib/gcc/avr/5.4.0/avr5\libgcc.a(_copy_data.o)
 .data          0x00000000        0x0 c:/program files (x86)/atmel/studio/7.0/toolchain/avr8/avr8-gnu-toolchain/bin/../lib/gcc/avr/5.4.0/avr5\libgcc.a(_copy_data.o)
 .bss           0x00000000        0x0 c:/program files (x86)/atmel/studio/7.0/toolchain/avr8/avr8-gnu-toolchain/bin/../lib/gcc/avr/5.4.0/avr5\libgcc.a(_copy_data.o)
 .text.libgcc.mul
                0x00000000        0x0 c:/program files (x86)/atmel/studio/7.0/toolchain/avr8/avr8-gnu-toolchain/bin/../lib/gcc/avr/5.4.0/avr5\libgcc.a(_copy_data.o)
 .text.libgcc.div
                0x00000000        0x0 c:/program files (x86)/atmel/studio/7.0/toolchain/avr8/avr8-gnu-toolchain/bin/../lib/gcc/avr/5.4.0/avr5\libgcc.a(_copy_data.o)
 .text.libgcc   0x00000000        0x0 c:/program files (x86)/atmel/studio/7.0/toolchain/avr8/avr8-gnu-toolchain/bin/../lib/gcc/avr/5.4.0/avr5\libgcc.a(_copy_data.o)
 .text.libgcc.prologue
                0x00000000        0x0 c:/program files (x86)/atmel/studio/7.0/toolchain/avr8/avr8-gnu-toolchain/bin/../lib/gcc/avr/5.4.0/avr5\libgcc.a(_copy_data.o)
 .text.libgcc.builtins
                0x00000000        0x0 c:/program files (x86)/atmel/studio/7.0/toolchain/avr8/avr8-gnu-toolchain/bin/../lib/gcc/avr/5.4.0/avr5\libgcc.a(_copy_data.o)
 .text.libgcc.fmul
                0x00000000        0x0 c:/program files (x86)/atmel/studio/7.0/toolchain/avr8/avr8-gnu-toolchain/bin/../lib/gcc/avr/5.4.0/avr5\libgcc.a(_copy_data.o)
 .text.libgcc.fixed
                0x00000000        0x0 c:/program files (x86)/atmel/studio/7.0/toolchain/avr8/avr8-gnu-toolchain/bin/../lib/gcc/avr/5.4.0/avr5\libgcc.a(_copy_data.o)
 .text          0x00000000        0x0 c:/program files (x86)/atmel/studio/7.0/toolchain/avr8/avr8-gnu-toolchain/bin/../lib/gcc/avr/5.4.0/avr5\libgcc.a(_clear_bss.o)
 .data          0x00000000        0x0 c:/program files (x86)/atmel/studio/7.0/toolchain/avr8/avr8-gnu-toolchain/bin/../lib/gcc/avr/5.4.0/avr5\libgcc.a(_clear_bss.o)
 .bss           0x00000000        0x0 c:/program files (x86)/atmel/studio/7.0/toolchain/avr8/avr8-gnu-toolchain/bin/../lib/gcc/avr/5.4.0/avr5\libgcc.a(_clear_bss.o)
 .text.libgcc.mul
                0x00000000        0x0 c:/program files (x86)/atmel/studio/7.0/toolchain/avr8/avr8-gnu-toolchain/bin/../lib/gcc/avr/5.4.0/avr5\libgcc.a(_clear_bss.o)
 .text.libgcc.div
                0x00000000        0x0 c:/program files (x86)/atmel/studio/7.0/toolchain/avr8/avr8-gnu-toolchain/bin/../lib/gcc/avr/5.4.0/avr5\libgcc.a(_clear_bss.o)
 .text.libgcc   0x00000000        0x0 c:/program files (x86)/atmel/studio/7.0/toolchain/avr8/avr8-gnu-toolchain/bin/../lib/gcc/avr/5.4.0/avr5\libgcc.a(_clear_bss.o)
 .text.libgcc.prologue
                0x00000000        0x0 c:/program files (x86)/atmel/studio/7.0/toolchain/avr8/avr8-gnu-toolchain/bin/../lib/gcc/avr/5.4.0/avr5\libgcc.a(_clear_bss.o)
 .text.libgcc.builtins
                0x00000000        0x0 c:/program files (x86)/atmel/studio/7.0/toolchain/avr8/avr8-gnu-toolchain/bin/../lib/gcc/avr/5.4.0/avr5\libgcc.a(_clear_bss.o)
 .text.libgcc.fmul
                0x00000000        0x0 c:/program files (x86)/atmel/studio/7.0/toolchain/avr8/avr8-gnu-toolchain/bin/../lib/gcc/avr/5.4.0/avr5\libgcc.a(_clear_bss.o)
 .text.libgcc.fixed
                0x00000000        0x0 c:/program files (x86)/atmel/studio/7.0/toolchain/avr8/avr8-gnu-toolchain/bin/../lib/gcc/avr/5.4.0/avr5\libgcc.a(_clear_bss.o)
 .text          0x00000000        0x0 c:/program files (x86)/atmel/studio/7.0/toolchain/avr8/avr8-gnu-toolchain/bin/../lib/gcc/avr/5.4.0/avr5\libgcc.a(_umulhisi3.o)
 .data          0x00000000        0x0 c:/program files (x86)/atmel/studio/7.0/toolchain/avr8/avr8-gnu-toolchain/bin/../lib/gcc/avr/5.4.0/avr5\libgcc.a(_umulhisi3.o)
 .bss           0x00000000        0x0 c:/program files (x86)/atmel/studio/7.0/toolchain/avr8/avr8-gnu-toolchain/bin/../lib/gcc/avr/5.4.0/avr5\libgcc.a(_umulhisi3.o)
 .text.libgcc.div
                0x00000000        0x0 c:/program files (x86)/atmel/studio/7.0/toolchain/avr8/avr8-gnu-toolchain/bin/../lib/gcc/avr/5.4.0/avr5\libgcc.a(_umulhisi3.o)
 .text.libgcc   0x00000000        0x0 c:/program files (x86)/atmel/studio/7.0/toolchain/avr8/avr8-gnu-toolchain/bin/../lib/gcc/avr/5.4.0/avr5\libgcc.a(_umulhisi3.o)
 .text.libgcc.prologue
                0x00000000        0x0 c:/program files (x86)/atmel/studio/7.0/toolchain/avr8/avr8-gnu-toolchain/bin/../lib/gcc/avr/5.4.0/avr5\libgcc.a(_umulhisi3.o)
 .text.libgcc.builtins
                0x00000000        0x0 c:/program files (x86)/atmel/studio/7.0/toolchain/avr8/avr8-gnu-toolchain/bin/../lib/gcc/avr/5.4.0/avr5\libgcc.a(_umulhisi3.o)
 .text.libgcc.fmul
                0x00000000        0x0 c:/program files (x86)/atmel/studio/7.0/toolchain/avr8/avr8-gnu-toolchain/bin/../lib/gcc/avr/5.4.0/avr5\libgcc.a(_umulhisi3.o)
 .text.libgcc.fixed
                0x00000000        0x0 c:/program files (x86)/atmel/studio/7.0/toolchain/avr8/avr8-gnu-toolchain/bin/../lib/gcc/avr/5.4.0/avr5\libgcc.a(_umulhisi3.o)
 .text          0x00000000        0x0 c:/program files (x86)/atmel/studio/7.0/toolchain/avr8/avr8-gnu-toolchain/bin/../lib/gcc/avr/5.4.0/../../../../avr/lib/avr5\libc.a(memcpy.o)
 .data          0x00000000        0x0 c:/program files (x86)/atmel/studio/7.0/toolchain/avr8/avr8-gnu-toolchain/bin/../lib/gcc/avr/5.4.0/../../../../avr/lib/avr5\libc.a(memcpy.o)
 .bss           0x00000000        0x0 c:/program files (x86)/atmel/studio/7.0/toolchain/avr8/avr8-gnu-toolchain/bin/../lib/gcc/avr/5.4.0/../../../../avr/lib/avr5\libc.a(memcpy.o)
 .text          0x00000000        0x0 c:/program files (x86)/atmel/studio/7.0/toolchain/avr8/avr8-gnu-toolchain/bin/../lib/gcc/avr/5.4.0/../../../../avr/lib/avr5\libc.a(itoa_ncheck.o)
 .data          0x00000000        0x0 c:/program files (x86)/atmel/studio/7.0/toolchain/avr8/avr8-gnu-toolchain/bin/../lib/gcc/avr/5.4.0/../../../../avr/lib/avr5\libc.a(itoa_ncheck.o)
 .bss           0x00000000        0x0 c:/program files (x86)/atmel/studio/7.0/toolchain/avr8/avr8-gnu-toolchain/bin/../lib/gcc/avr/5.4.0/../../../../avr/lib/avr5\libc.a(itoa_ncheck.o)
 .text.avr-libc
                0x00000000       0x16 c:/program files (x86)/atmel/studio/7.0/toolchain/avr8/avr8-gnu-toolchain/bin/../lib/gcc/avr/5.4.0/../../../../avr/lib/avr5\libc.a(itoa_ncheck.o)
 .text          0x00000000        0x0 c:/program files (x86)/atmel/studio/7.0/toolchain/avr8/avr8-gnu-toolchain/bin/../lib/gcc/avr/5.4.0/../../../../avr/lib/avr5\libc.a(utoa_ncheck.o)
 .data          0x00000000        0x0 c:/program files (x86)/atmel/studio/7.0/toolchain/avr8/avr8-gnu-toolchain/bin/../lib/gcc/avr/5.4.0/../../../../avr/lib/avr5\libc.a(utoa_ncheck.o)
 .bss           0x00000000        0x0 c:/program files (x86)/atmel/studio/7.0/toolchain/avr8/avr8-gnu-toolchain/bin/../lib/gcc/avr/5.4.0/../../../../avr/lib/avr5\libc.a(utoa_ncheck.o)
 .text.avr-libc
                0x00000000       0x34 c:/program files (x86)/atmel/studio/7.0/toolchain/avr8/avr8-gnu-toolchain/bin/../lib/gcc/avr/5.4.0/../../../../avr/lib/avr5\libc.a(utoa_ncheck.o)
 .text          0x00000000        0x0 c:/program files (x86)/atmel/studio/7.0/toolchain/avr8/avr8-gnu-toolchain/bin/../lib/gcc/avr/5.4.0/../../../../avr/lib/avr5\libc.a(strrev.o)
 .data          0x00000000        0x0 c:/program files (x86)/atmel/studio/7.0/toolchain/avr8/avr8-gnu-toolchain/bin/../lib/gcc/avr/5.4.0/../../../../avr/lib/avr5\libc.a(strrev.o)
 .bss           0x00000000        0x0 c:/program files (x86)/atmel/studio/7.0/toolchain/avr8/avr8-gnu-toolchain/bin/../lib/gcc/avr/5.4.0/../../../../avr/lib/avr5\libc.a(strrev.o)
 .text.avr-libc
                0x00000000       0x20 c:/program files (x86)/atmel/studio/7.0/toolchain/avr8/avr8-gnu-toolchain/bin/../lib/gcc/avr/5.4.0/../../../../avr/lib/avr5\libc.a(strrev.o)

Memory Configuration

Name             Origin             Length             Attributes
text             0x00000000         0x00008000         xr
data             0x00800060         0x00000800         rw !x
eeprom           0x00810000         0x00000400         rw !x
fuse             0x00820000         0x00000002         rw !x
lock             0x00830000         0x00000400         rw !x
signature        0x00840000         0x00000400         rw !x
user_signatures  0x00850000         0x00000400         rw !x
*default*        0x00000000         0xffffffff

Linker script and memory map

LOAD C:/Program Files (x86)/Atmel/Studio/7.0/Packs/atmel/ATmega_DFP/1.7.374/gcc/dev/atmega32/avr5/crtatmega32.o
LOAD COMM/UART/UART.o
LOAD FREE_RTOS/croutine.o
LOAD FREE_RTOS/event_groups.o
LOAD FREE_RTOS/heap_1.o
LOAD FREE_RTOS/list.o
LOAD FREE_RTOS/port.o
LOAD FREE_RTOS/queue.o
LOAD FREE_RTOS/stream_buffer.o
LOAD FREE_RTOS/tasks.o
LOAD FREE_RTOS/timers.o
LOAD HAL/Button/Button.o
LOAD HAL/keypad/keypad.o
LOAD HAL/LCD/lcd.o
LOAD main.o
LOAD MCAL/ADC/ADC.o
LOAD MCAL/DIO/DIO.o
LOAD MCAL/EXTI/Interrupt.o
LOAD MCAL/TIMER/Timer.o
START GROUP
LOAD c:/program files (x86)/atmel/studio/7.0/toolchain/avr8/avr8-gnu-toolchain/bin/../lib/gcc/avr/5.4.0/../../../../avr/lib/avr5\libm.a
END GROUP
START GROUP
LOAD c:/program files (x86)/atmel/studio/7.0/toolchain/avr8/avr8-gnu-toolchain/bin/../lib/gcc/avr/5.4.0/avr5\libgcc.a
LOAD c:/program files (x86)/atmel/studio/7.0/toolchain/avr8/avr8-gnu-toolchain/bin/../lib/gcc/avr/5.4.0/../../../../avr/lib/avr5\libm.a
LOAD c:/program files (x86)/atmel/studio/7.0/toolchain/avr8/avr8-gnu-toolchain/bin/../lib/gcc/avr/5.4.0/../../../../avr/lib/avr5\libc.a
LOAD C:/Program Files (x86)/Atmel/Studio/7.0/Packs/atmel/ATmega_DFP/1.7.374/gcc/dev/atmega32/avr5\libatmega32.a
END GROUP
                0x00000000                __TEXT_REGION_ORIGIN__ = DEFINED (__TEXT_REGION_ORIGIN__)?__TEXT_REGION_ORIGIN__:0x0
                [0x00800060]                __DATA_REGION_ORIGIN__ = DEFINED (__DATA_REGION_ORIGIN__)?__DATA_REGION_ORIGIN__:0x800060
                [0x00008000]                __TEXT_REGION_LENGTH__ = DEFINED (__TEXT_REGION_LENGTH__)?__TEXT_REGION_LENGTH__:0x20000
                [0x00000800]                __DATA_REGION_LENGTH__ = DEFINED (__DATA_REGION_LENGTH__)?__DATA_REGION_LENGTH__:0xffa0
                [0x00000400]                __EEPROM_REGION_LENGTH__ = DEFINED (__EEPROM_REGION_LENGTH__)?__EEPROM_REGION_LENGTH__:0x10000
                [0x00000002]                __FUSE_REGION_LENGTH__ = DEFINED (__FUSE_REGION_LENGTH__)?__FUSE_REGION_LENGTH__:0x400
                0x00000400                __LOCK_REGION_LENGTH__ = DEFINED (__LOCK_REGION_LENGTH__)?__LOCK_REGION_LENGTH__:0x400
                0x00000400                __SIGNATURE_REGION_LENGTH__ = DEFINED (__SIGNATURE_REGION_LENGTH__)?__SIGNATURE_REGION_LENGTH__:0x400
                0x00000400                __USER_SIGNATURE_REGION_LENGTH__ = DEFINED (__USER_SIGNATURE_REGION_LENGTH__)?__USER_SIGNATURE_REGION_LENGTH__:0x400

.hash
 *(.hash)

.dynsym
 *(.dynsym)

.dynstr
 *(.dynstr)

.gnu.version
 *(.gnu.version)

.gnu.version_d
 *(.gnu.version_d)

.gnu.version_r
 *(.gnu.version_r)

.rel.init
 *(.rel.init)

.rela.init
 *(.rela.init)

.rel.text
 *(.rel.text)
 *(.rel.text.*)
 *(.rel.gnu.linkonce.t*)

.rela.text
 *(.rela.text)
 *(.rela.text.*)
 *(.rela.gnu.linkonce.t*)

.rel.fini
 *(.rel.fini)

.rela.fini
 *(.rela.fini)

.rel.rodata
 *(.rel.rodata)
 *(.rel.rodata.*)
 *(.rel.gnu.linkonce.r*)

.rela.rodata
 *(.rela.rodata)
 *(.rela.rodata.*)
 *(.rela.gnu.linkonce.r*)

.rel.data
 *(.rel.data)
 *(.rel.data.*)
 *(.rel.gnu.linkonce.d*)

.rela.data
 *(.rela.data)
 *(.rela.data.*)
 *(.rela.gnu.linkonce.d*)

.rel.ctors
 *(.rel.ctors)

.rela.ctors
 *(.rela.ctors)

.rel.dtors
 *(.rel.dtors)

.rela.dtors
 *(.rela.dtors)

.rel.got
 *(.rel.got)

.rela.got
 *(.rela.got)

.rel.bss
 *(.rel.bss)

.rela.bss
 *(.rela.bss)

.rel.plt
 *(.rel.plt)

.rela.plt
 *(.rela.plt)

.text           0x00000000     0x20e2
 *(.vectors)
 .vectors       0x00000000       0x54 C:/Program Files (x86)/Atmel/Studio/7.0/Packs/atmel/ATmega_DFP/1.7.374/gcc/dev/atmega32/avr5/crtatmega32.o
                0x00000000                __vector_default
                0x00000000                __vectors
 *(.vectors)
 *(.progmem.gcc*)
                0x00000054                . = ALIGN (0x2)
                0x00000054                __trampolines_start = .
 *(.trampolines)
 .trampolines   0x00000054        0x0 linker stubs
 *(.trampolines*)
                0x00000054                __trampolines_end = .
 *libprintf_flt.a:*(.progmem.data)
 *libc.a:*(.progmem.data)
 *(.progmem*)
                0x00000054                . = ALIGN (0x2)
 *(.jumptables)
 *(.jumptables*)
 *(.lowtext)
 *(.lowtext*)
                0x00000054                __ctors_start = .
 *(.ctors)
                0x00000054                __ctors_end = .
                0x00000054                __dtors_start = .
 *(.dtors)
                0x00000054                __dtors_end = .
 SORT(*)(.ctors)
 SORT(*)(.dtors)
 *(.init0)
 .init0         0x00000054        0x0 C:/Program Files (x86)/Atmel/Studio/7.0/Packs/atmel/ATmega_DFP/1.7.374/gcc/dev/atmega32/avr5/crtatmega32.o
                0x00000054                __init
 *(.init0)
 *(.init1)
 *(.init1)
 *(.init2)
 .init2         0x00000054        0xc C:/Program Files (x86)/Atmel/Studio/7.0/Packs/atmel/ATmega_DFP/1.7.374/gcc/dev/atmega32/avr5/crtatmega32.o
 *(.init2)
 *(.init3)
 *(.init3)
 *(.init4)
 .init4         0x00000060       0x16 c:/program files (x86)/atmel/studio/7.0/toolchain/avr8/avr8-gnu-toolchain/bin/../lib/gcc/avr/5.4.0/avr5\libgcc.a(_copy_data.o)
                0x00000060                __do_copy_data
 .init4         0x00000076       0x10 c:/program files (x86)/atmel/studio/7.0/toolchain/avr8/avr8-gnu-toolchain/bin/../lib/gcc/avr/5.4.0/avr5\libgcc.a(_clear_bss.o)
                0x00000076                __do_clear_bss
 *(.init4)
 *(.init5)
 *(.init5)
 *(.init6)
 *(.init6)
 *(.init7)
 *(.init7)
 *(.init8)
 *(.init8)
 *(.init9)
 .init9         0x00000086        0x8 C:/Program Files (x86)/Atmel/Studio/7.0/Packs/atmel/ATmega_DFP/1.7.374/gcc/dev/atmega32/avr5/crtatmega32.o
 *(.init9)
 *(.text)
 .text          0x0000008e        0x4 C:/Program Files (x86)/Atmel/Studio/7.0/Packs/atmel/ATmega_DFP/1.7.374/gcc/dev/atmega32/avr5/crtatmega32.o
                0x0000008e                __vector_1
                0x0000008e                __vector_12
                0x0000008e                __bad_interrupt
                0x0000008e                __vector_6
                0x0000008e                __vector_3
                0x0000008e                __vector_13
                0x0000008e                __vector_17
                0x0000008e                __vector_19
                0x0000008e                __vector_5
                0x0000008e                __vector_4
                0x0000008e                __vector_9
                0x0000008e                __vector_2
                0x0000008e                __vector_15
                0x0000008e                __vector_8
                0x0000008e                __vector_14
                0x0000008e                __vector_10
                0x0000008e                __vector_18
                0x0000008e                __vector_20
                0x00000092                . = ALIGN (0x2)
 *(.text.*)
 .text.pvPortMalloc
                0x00000092       0x6a FREE_RTOS/heap_1.o
                0x00000092                pvPortMalloc
 .text.vPortFree
                0x000000fc        0x2 FREE_RTOS/heap_1.o
                0x000000fc                vPortFree
 .text.vListInitialise
                0x000000fe       0x1c FREE_RTOS/list.o
                0x000000fe                vListInitialise
 .text.vListInitialiseItem
                0x0000011a        0x8 FREE_RTOS/list.o
                0x0000011a                vListInitialiseItem
 .text.vListInsertEnd
                0x00000122       0x42 FREE_RTOS/list.o
                0x00000122                vListInsertEnd
 .text.vListInsert
                0x00000164       0x62 FREE_RTOS/list.o
                0x00000164                vListInsert
 .text.uxListRemove
                0x000001c6       0x4e FREE_RTOS/list.o
                0x000001c6                uxListRemove
 .text.prvSetupTimerInterrupt
                0x00000214       0x12 FREE_RTOS/port.o
 .text.pxPortInitialiseStack
                0x00000226       0xd8 FREE_RTOS/port.o
                0x00000226                pxPortInitialiseStack
 .text.xPortStartScheduler
                0x000002fe       0x5e FREE_RTOS/port.o
                0x000002fe                xPortStartScheduler
 .text.vPortYield
                0x0000035c       0xb2 FREE_RTOS/port.o
                0x0000035c                vPortYield
 .text.vPortYieldFromTick
                0x0000040e       0xb8 FREE_RTOS/port.o
                0x0000040e                vPortYieldFromTick
 .text.__vector_7
                0x000004c6        0x6 FREE_RTOS/port.o
                0x000004c6                __vector_7
 .text.prvGetDisinheritPriorityAfterTimeout
                0x000004cc       0x20 FREE_RTOS/queue.o
 .text.prvIsQueueEmpty
                0x000004ec       0x1a FREE_RTOS/queue.o
 .text.prvIsQueueFull
                0x00000506       0x1c FREE_RTOS/queue.o
 .text.prvCopyDataToQueue
                0x00000522       0xbe FREE_RTOS/queue.o
 .text.prvUnlockQueue
                0x000005e0       0x68 FREE_RTOS/queue.o
 .text.xQueueGenericReset
                0x00000648       0x8c FREE_RTOS/queue.o
                0x00000648                xQueueGenericReset
 .text.prvInitialiseNewQueue
                0x000006d4       0x26 FREE_RTOS/queue.o
 .text.xQueueGenericCreate
                0x000006fa       0x54 FREE_RTOS/queue.o
                0x000006fa                xQueueGenericCreate
 .text.xQueueGenericSend
                0x0000074e      0x124 FREE_RTOS/queue.o
                0x0000074e                xQueueGenericSend
 .text.xQueueSemaphoreTake
                0x00000872      0x162 FREE_RTOS/queue.o
                0x00000872                xQueueSemaphoreTake
 .text.prvResetNextTaskUnblockTime
                0x000009d4       0x3e FREE_RTOS/tasks.o
 .text.prvDeleteTCB
                0x00000a12       0x1a FREE_RTOS/tasks.o
 .text.prvInitialiseNewTask
                0x00000a2c       0xe6 FREE_RTOS/tasks.o
 .text.prvInitialiseTaskLists
                0x00000b12       0x6e FREE_RTOS/tasks.o
 .text.prvAddNewTaskToReadyList
                0x00000b80       0xb8 FREE_RTOS/tasks.o
 .text.prvCheckTasksWaitingTermination
                0x00000c38       0x4c FREE_RTOS/tasks.o
 .text.prvIdleTask
                0x00000c84        0x6 FREE_RTOS/tasks.o
 .text.prvAddCurrentTaskToDelayedList
                0x00000c8a       0xb0 FREE_RTOS/tasks.o
 .text.xTaskCreate
                0x00000d3a       0xa8 FREE_RTOS/tasks.o
                0x00000d3a                xTaskCreate
 .text.vTaskStartScheduler
                0x00000de2       0x54 FREE_RTOS/tasks.o
                0x00000de2                vTaskStartScheduler
 .text.vTaskSuspendAll
                0x00000e36        0xc FREE_RTOS/tasks.o
                0x00000e36                vTaskSuspendAll
 .text.xTaskIncrementTick
                0x00000e42      0x174 FREE_RTOS/tasks.o
                0x00000e42                xTaskIncrementTick
 .text.xTaskResumeAll
                0x00000fb6       0xe4 FREE_RTOS/tasks.o
                0x00000fb6                xTaskResumeAll
 .text.vTaskDelay
                0x0000109a       0x2c FREE_RTOS/tasks.o
                0x0000109a                vTaskDelay
 .text.vTaskSwitchContext
                0x000010c6       0xa8 FREE_RTOS/tasks.o
                0x000010c6                vTaskSwitchContext
 .text.vTaskPlaceOnEventList
                0x0000116e       0x24 FREE_RTOS/tasks.o
                0x0000116e                vTaskPlaceOnEventList
 .text.xTaskRemoveFromEventList
                0x00001192       0x90 FREE_RTOS/tasks.o
                0x00001192                xTaskRemoveFromEventList
 .text.vTaskInternalSetTimeOutState
                0x00001222       0x16 FREE_RTOS/tasks.o
                0x00001222                vTaskInternalSetTimeOutState
 .text.xTaskCheckForTimeOut
                0x00001238       0x78 FREE_RTOS/tasks.o
                0x00001238                xTaskCheckForTimeOut
 .text.vTaskMissedYield
                0x000012b0        0x8 FREE_RTOS/tasks.o
                0x000012b0                vTaskMissedYield
 .text.xTaskPriorityInherit
                0x000012b8       0xe4 FREE_RTOS/tasks.o
                0x000012b8                xTaskPriorityInherit
 .text.xTaskPriorityDisinherit
                0x0000139c       0x80 FREE_RTOS/tasks.o
                0x0000139c                xTaskPriorityDisinherit
 .text.vTaskPriorityDisinheritAfterTimeout
                0x0000141c       0xa0 FREE_RTOS/tasks.o
                0x0000141c                vTaskPriorityDisinheritAfterTimeout
 .text.pvTaskIncrementMutexHeldCount
                0x000014bc       0x24 FREE_RTOS/tasks.o
                0x000014bc                pvTaskIncrementMutexHeldCount
 .text.keypad_init
                0x000014e0       0x14 HAL/keypad/keypad.o
                0x000014e0                keypad_init
 .text.keypad_scan
                0x000014f4       0x8a HAL/keypad/keypad.o
                0x000014f4                keypad_scan
 .text.Private_u16GetPower
                0x0000157e       0x1e HAL/LCD/lcd.o
 .text.LCD_Send_Command
                0x0000159c       0x44 HAL/LCD/lcd.o
                0x0000159c                LCD_Send_Command
 .text.LCD_Send_Data
                0x000015e0       0x44 HAL/LCD/lcd.o
                0x000015e0                LCD_Send_Data
 .text.LCD_INIT
                0x00001624       0x20 HAL/LCD/lcd.o
                0x00001624                LCD_INIT
 .text.LCD_sendString
                0x00001644       0x26 HAL/LCD/lcd.o
                0x00001644                LCD_sendString
 .text.LCD_ChangePOS_XY
                0x0000166a       0x2a HAL/LCD/lcd.o
                0x0000166a                LCD_ChangePOS_XY
 .text.LCD_INIT_DIR
                0x00001694       0x70 HAL/LCD/lcd.o
                0x00001694                LCD_INIT_DIR
 .text.LCD_Clear
                0x00001704        0x8 HAL/LCD/lcd.o
                0x00001704                LCD_Clear
 .text.LCD_voidWriteNumber
                0x0000170c       0x7a HAL/LCD/lcd.o
                0x0000170c                LCD_voidWriteNumber
 .text.ADC_Task
                0x00001786       0x36 main.o
                0x00001786                ADC_Task
 .text.POT_Task
                0x000017bc       0x56 main.o
                0x000017bc                POT_Task
 .text.LM35_Task
                0x00001812       0x68 main.o
                0x00001812                LM35_Task
 .text.ISR_Notification
                0x0000187a       0x18 main.o
                0x0000187a                ISR_Notification
 .text.ActionTask
                0x00001892      0x1b4 main.o
                0x00001892                ActionTask
 .text.SystemInit
                0x00001a46       0x28 main.o
                0x00001a46                SystemInit
 .text.main     0x00001a6e       0xe6 main.o
                0x00001a6e                main
 .text.check_pass
                0x00001b54       0x64 main.o
                0x00001b54                check_pass
 .text.keypad_task
                0x00001bb8       0x92 main.o
                0x00001bb8                keypad_task
 .text.ADC_init
                0x00001c4a       0x20 MCAL/ADC/ADC.o
                0x00001c4a                ADC_init
 .text.ADC_Start_Chain_Conversion_ASYN
                0x00001c6a       0x9c MCAL/ADC/ADC.o
                0x00001c6a                ADC_Start_Chain_Conversion_ASYN
 .text.__vector_16
                0x00001d06       0xe2 MCAL/ADC/ADC.o
                0x00001d06                __vector_16
 .text.DIO_set_pin_direction
                0x00001de8       0xf2 MCAL/DIO/DIO.o
                0x00001de8                DIO_set_pin_direction
 .text.DIO_set_pin_value
                0x00001eda       0xf2 MCAL/DIO/DIO.o
                0x00001eda                DIO_set_pin_value
 .text.DIO_set_port_char
                0x00001fcc       0x24 MCAL/DIO/DIO.o
                0x00001fcc                DIO_set_port_char
 .text.__vector_11
                0x00001ff0       0x52 MCAL/TIMER/Timer.o
                0x00001ff0                __vector_11
 .text.libgcc.div
                0x00002042       0x28 c:/program files (x86)/atmel/studio/7.0/toolchain/avr8/avr8-gnu-toolchain/bin/../lib/gcc/avr/5.4.0/avr5\libgcc.a(_udivmodhi4.o)
                0x00002042                __udivmodhi4
 .text.libgcc.div
                0x0000206a       0x44 c:/program files (x86)/atmel/studio/7.0/toolchain/avr8/avr8-gnu-toolchain/bin/../lib/gcc/avr/5.4.0/avr5\libgcc.a(_udivmodsi4.o)
                0x0000206a                __udivmodsi4
 .text.libgcc.mul
                0x000020ae       0x1e c:/program files (x86)/atmel/studio/7.0/toolchain/avr8/avr8-gnu-toolchain/bin/../lib/gcc/avr/5.4.0/avr5\libgcc.a(_umulhisi3.o)
                0x000020ae                __umulhisi3
 .text.avr-libc
                0x000020cc       0x12 c:/program files (x86)/atmel/studio/7.0/toolchain/avr8/avr8-gnu-toolchain/bin/../lib/gcc/avr/5.4.0/../../../../avr/lib/avr5\libc.a(memcpy.o)
                0x000020cc                memcpy
                0x000020de                . = ALIGN (0x2)
 *(.fini9)
 .fini9         0x000020de        0x0 c:/program files (x86)/atmel/studio/7.0/toolchain/avr8/avr8-gnu-toolchain/bin/../lib/gcc/avr/5.4.0/avr5\libgcc.a(_exit.o)
                0x000020de                _exit
                0x000020de                exit
 *(.fini9)
 *(.fini8)
 *(.fini8)
 *(.fini7)
 *(.fini7)
 *(.fini6)
 *(.fini6)
 *(.fini5)
 *(.fini5)
 *(.fini4)
 *(.fini4)
 *(.fini3)
 *(.fini3)
 *(.fini2)
 *(.fini2)
 *(.fini1)
 *(.fini1)
 *(.fini0)
 .fini0         0x000020de        0x4 c:/program files (x86)/atmel/studio/7.0/toolchain/avr8/avr8-gnu-toolchain/bin/../lib/gcc/avr/5.4.0/avr5\libgcc.a(_exit.o)
 *(.fini0)
                0x000020e2                _etext = .

.data           0x00800060       0x84 load address 0x000020e2
                0x00800060                PROVIDE (__data_start, .)
 *(.data)
 *(.data*)
 .data.keypadmap
                0x00800060       0x10 HAL/keypad/keypad.o
                0x00800060                keypadmap
 .data.colpins  0x00800070        0x4 HAL/keypad/keypad.o
                0x00800070                colpins
 .data.welcome.2357
                0x00800074        0x1 main.o
 .data.password
                0x00800075        0x3 main.o
                0x00800075                password
 *(.gnu.linkonce.d*)
 *(.rodata)
 *(.rodata*)
 .rodata.str1.1
                0x00800078        0x5 FREE_RTOS/tasks.o
 .rodata.str1.1
                0x0080007d       0x66 main.o
 *(.gnu.linkonce.r*)
                0x008000e4                . = ALIGN (0x2)
 *fill*         0x008000e3        0x1 
                0x008000e4                _edata = .
                0x008000e4                PROVIDE (__data_end, .)

.bss            0x008000e4      0x68d
                0x008000e4                PROVIDE (__bss_start, .)
 *(.bss)
 *(.bss*)
 .bss.pucAlignedHeap.2085
                0x008000e4        0x2 FREE_RTOS/heap_1.o
 .bss.xNextFreeByte
                0x008000e6        0x2 FREE_RTOS/heap_1.o
 .bss.ucHeap    0x008000e8      0x5dc FREE_RTOS/heap_1.o
 .bss.uxSchedulerSuspended
                0x008006c4        0x1 FREE_RTOS/tasks.o
 .bss.xIdleTaskHandle
                0x008006c5        0x2 FREE_RTOS/tasks.o
 .bss.xNextTaskUnblockTime
                0x008006c7        0x2 FREE_RTOS/tasks.o
 .bss.uxTaskNumber
                0x008006c9        0x1 FREE_RTOS/tasks.o
 .bss.xNumOfOverflows
                0x008006ca        0x1 FREE_RTOS/tasks.o
 .bss.xYieldPending
                0x008006cb        0x1 FREE_RTOS/tasks.o
 .bss.uxPendedTicks
                0x008006cc        0x1 FREE_RTOS/tasks.o
 .bss.xSchedulerRunning
                0x008006cd        0x1 FREE_RTOS/tasks.o
 .bss.uxTopReadyPriority
                0x008006ce        0x1 FREE_RTOS/tasks.o
 .bss.xTickCount
                0x008006cf        0x2 FREE_RTOS/tasks.o
 .bss.uxCurrentNumberOfTasks
                0x008006d1        0x1 FREE_RTOS/tasks.o
 .bss.xSuspendedTaskList
                0x008006d2        0x9 FREE_RTOS/tasks.o
 .bss.uxDeletedTasksWaitingCleanUp
                0x008006db        0x1 FREE_RTOS/tasks.o
 .bss.xTasksWaitingTermination
                0x008006dc        0x9 FREE_RTOS/tasks.o
 .bss.xPendingReadyList
                0x008006e5        0x9 FREE_RTOS/tasks.o
 .bss.pxOverflowDelayedTaskList
                0x008006ee        0x2 FREE_RTOS/tasks.o
 .bss.pxDelayedTaskList
                0x008006f0        0x2 FREE_RTOS/tasks.o
 .bss.xDelayedTaskList2
                0x008006f2        0x9 FREE_RTOS/tasks.o
 .bss.xDelayedTaskList1
                0x008006fb        0x9 FREE_RTOS/tasks.o
 .bss.pxReadyTasksLists
                0x00800704       0x48 FREE_RTOS/tasks.o
 .bss.pxCurrentTCB
                0x0080074c        0x2 FREE_RTOS/tasks.o
                0x0080074c                pxCurrentTCB
 .bss.i.2369    0x0080074e        0x1 main.o
 .bss.local_result.2371
                0x0080074f        0x1 main.o
 .bss.swap.2358
                0x00800750        0x1 main.o
 .bss.lcd       0x00800751        0x2 main.o
                0x00800751                lcd
 .bss.bsADC     0x00800753        0x2 main.o
                0x00800753                bsADC
 .bss.local_counter
                0x00800755        0x1 main.o
                0x00800755                local_counter
 .bss.flag      0x00800756        0x1 main.o
 .bss.keypad_pass
                0x00800757        0x3 main.o
 .bss.temp      0x0080075a        0x2 main.o
 .bss.Analog1   0x0080075c        0x2 main.o
 .bss.ADC_ChainSize
                0x0080075e        0x1 MCAL/ADC/ADC.o
 .bss.ADC_ChainIndex
                0x0080075f        0x1 MCAL/ADC/ADC.o
 .bss.ADC_ChainChannel
                0x00800760        0x2 MCAL/ADC/ADC.o
                0x00800760                ADC_ChainChannel
 .bss.ADC_NotificationFunc
                0x00800762        0x2 MCAL/ADC/ADC.o
 .bss.ADC_State
                0x00800764        0x1 MCAL/ADC/ADC.o
                0x00800764                ADC_State
 .bss.ADC_ConversionResult
                0x00800765        0x2 MCAL/ADC/ADC.o
 .bss.timer0_pCallbackFunc
                0x00800767        0x2 MCAL/TIMER/Timer.o
 *(COMMON)
 COMMON         0x00800769        0x7 main.o
                0x00800769                ADC_chain
 COMMON         0x00800770        0x1 MCAL/ADC/ADC.o
                0x00800770                ADC_ISR_Source
                0x00800771                PROVIDE (__bss_end, .)
                0x000020e2                __data_load_start = LOADADDR (.data)
                0x00002166                __data_load_end = (__data_load_start + SIZEOF (.data))

.noinit         0x00800771        0x0
                [!provide]                PROVIDE (__noinit_start, .)
 *(.noinit*)
                [!provide]                PROVIDE (__noinit_end, .)
                0x00800771                _end = .
                [!provide]                PROVIDE (__heap_start, .)

.eeprom         0x00810000        0x0
 *(.eeprom*)
                0x00810000                __eeprom_end = .

.fuse
 *(.fuse)
 *(.lfuse)
 *(.hfuse)
 *(.efuse)

.lock
 *(.lock*)

.signature
 *(.signature*)

.user_signatures
 *(.user_signatures*)

.stab
 *(.stab)

.stabstr
 *(.stabstr)

.stab.excl
 *(.stab.excl)

.stab.exclstr
 *(.stab.exclstr)

.stab.index
 *(.stab.index)

.stab.indexstr
 *(.stab.indexstr)

.comment        0x00000000       0x30
 *(.comment)
 .comment       0x00000000       0x30 FREE_RTOS/heap_1.o
                                 0x31 (size before relaxing)
 .comment       0x00000030       0x31 FREE_RTOS/list.o
 .comment       0x00000030       0x31 FREE_RTOS/port.o
 .comment       0x00000030       0x31 FREE_RTOS/queue.o
 .comment       0x00000030       0x31 FREE_RTOS/tasks.o
 .comment       0x00000030       0x31 HAL/keypad/keypad.o
 .comment       0x00000030       0x31 HAL/LCD/lcd.o
 .comment       0x00000030       0x31 main.o
 .comment       0x00000030       0x31 MCAL/ADC/ADC.o
 .comment       0x00000030       0x31 MCAL/DIO/DIO.o
 .comment       0x00000030       0x31 MCAL/TIMER/Timer.o

.note.gnu.avr.deviceinfo
                0x00000000       0x3c
 .note.gnu.avr.deviceinfo
                0x00000000       0x3c C:/Program Files (x86)/Atmel/Studio/7.0/Packs/atmel/ATmega_DFP/1.7.374/gcc/dev/atmega32/avr5/crtatmega32.o

.note.gnu.build-id
 *(.note.gnu.build-id)

.debug
 *(.debug)

.line
 *(.line)

.debug_srcinfo
 *(.debug_srcinfo)

.debug_sfnames
 *(.debug_sfnames)

.debug_aranges  0x00000000      0x560
 *(.debug_aranges)
 .debug_aranges
                0x00000000       0x38 FREE_RTOS/heap_1.o
 .debug_aranges
                0x00000038       0x40 FREE_RTOS/list.o
 .debug_aranges
                0x00000078       0x50 FREE_RTOS/port.o
 .debug_aranges
                0x000000c8       0xe8 FREE_RTOS/queue.o
 .debug_aranges
                0x000001b0      0x198 FREE_RTOS/tasks.o
 .debug_aranges
                0x00000348       0x28 HAL/keypad/keypad.o
 .debug_aranges
                0x00000370       0x70 HAL/LCD/lcd.o
 .debug_aranges
                0x000003e0       0x60 main.o
 .debug_aranges
                0x00000440       0x70 MCAL/ADC/ADC.o
 .debug_aranges
                0x000004b0       0x50 MCAL/DIO/DIO.o
 .debug_aranges
                0x00000500       0x60 MCAL/TIMER/Timer.o

.debug_pubnames
 *(.debug_pubnames)

.debug_info     0x00000000     0x5f4e
 *(.debug_info .gnu.linkonce.wi.*)
 .debug_info    0x00000000      0x4e6 C:/Program Files (x86)/Atmel/Studio/7.0/Packs/atmel/ATmega_DFP/1.7.374/gcc/dev/atmega32/avr5/crtatmega32.o
 .debug_info    0x000004e6      0x1a4 FREE_RTOS/heap_1.o
 .debug_info    0x0000068a      0x2d8 FREE_RTOS/list.o
 .debug_info    0x00000962      0x24e FREE_RTOS/port.o
 .debug_info    0x00000bb0     0x166b FREE_RTOS/queue.o
 .debug_info    0x0000221b     0x1d50 FREE_RTOS/tasks.o
 .debug_info    0x00003f6b      0x10f HAL/keypad/keypad.o
 .debug_info    0x0000407a      0x913 HAL/LCD/lcd.o
 .debug_info    0x0000498d      0xd97 main.o
 .debug_info    0x00005724      0x37f MCAL/ADC/ADC.o
 .debug_info    0x00005aa3      0x2c6 MCAL/DIO/DIO.o
 .debug_info    0x00005d69      0x1e5 MCAL/TIMER/Timer.o

.debug_abbrev   0x00000000     0x1538
 *(.debug_abbrev)
 .debug_abbrev  0x00000000      0x4a3 C:/Program Files (x86)/Atmel/Studio/7.0/Packs/atmel/ATmega_DFP/1.7.374/gcc/dev/atmega32/avr5/crtatmega32.o
 .debug_abbrev  0x000004a3      0x11c FREE_RTOS/heap_1.o
 .debug_abbrev  0x000005bf       0xff FREE_RTOS/list.o
 .debug_abbrev  0x000006be      0x143 FREE_RTOS/port.o
 .debug_abbrev  0x00000801      0x252 FREE_RTOS/queue.o
 .debug_abbrev  0x00000a53      0x2b0 FREE_RTOS/tasks.o
 .debug_abbrev  0x00000d03       0x90 HAL/keypad/keypad.o
 .debug_abbrev  0x00000d93      0x250 HAL/LCD/lcd.o
 .debug_abbrev  0x00000fe3      0x20a main.o
 .debug_abbrev  0x000011ed      0x1a9 MCAL/ADC/ADC.o
 .debug_abbrev  0x00001396       0xb7 MCAL/DIO/DIO.o
 .debug_abbrev  0x0000144d       0xeb MCAL/TIMER/Timer.o

.debug_line     0x00000000     0x3602
 *(.debug_line .debug_line.* .debug_line_end)
 .debug_line    0x00000000      0x116 C:/Program Files (x86)/Atmel/Studio/7.0/Packs/atmel/ATmega_DFP/1.7.374/gcc/dev/atmega32/avr5/crtatmega32.o
 .debug_line    0x00000116      0x1a7 FREE_RTOS/heap_1.o
 .debug_line    0x000002bd      0x1d7 FREE_RTOS/list.o
 .debug_line    0x00000494      0x2a5 FREE_RTOS/port.o
 .debug_line    0x00000739      0xb30 FREE_RTOS/queue.o
 .debug_line    0x00001269     0x11d6 FREE_RTOS/tasks.o
 .debug_line    0x0000243f       0xfd HAL/keypad/keypad.o
 .debug_line    0x0000253c      0x401 HAL/LCD/lcd.o
 .debug_line    0x0000293d      0x51c main.o
 .debug_line    0x00002e59      0x34c MCAL/ADC/ADC.o
 .debug_line    0x000031a5      0x297 MCAL/DIO/DIO.o
 .debug_line    0x0000343c      0x1c6 MCAL/TIMER/Timer.o

.debug_frame    0x00000000      0xf4c
 *(.debug_frame)
 .debug_frame   0x00000000       0x60 FREE_RTOS/heap_1.o
 .debug_frame   0x00000060       0x88 FREE_RTOS/list.o
 .debug_frame   0x000000e8       0x84 FREE_RTOS/port.o
 .debug_frame   0x0000016c      0x33c FREE_RTOS/queue.o
 .debug_frame   0x000004a8      0x5fc FREE_RTOS/tasks.o
 .debug_frame   0x00000aa4       0x3c HAL/keypad/keypad.o
 .debug_frame   0x00000ae0      0x134 HAL/LCD/lcd.o
 .debug_frame   0x00000c14       0xbc main.o
 .debug_frame   0x00000cd0      0x10c MCAL/ADC/ADC.o
 .debug_frame   0x00000ddc       0x84 MCAL/DIO/DIO.o
 .debug_frame   0x00000e60       0xec MCAL/TIMER/Timer.o

.debug_str      0x00000000     0x1c67
 *(.debug_str)
 .debug_str     0x00000000      0x196 C:/Program Files (x86)/Atmel/Studio/7.0/Packs/atmel/ATmega_DFP/1.7.374/gcc/dev/atmega32/avr5/crtatmega32.o
 .debug_str     0x00000196      0x1f2 FREE_RTOS/heap_1.o
                                0x22b (size before relaxing)
 .debug_str     0x00000388      0x151 FREE_RTOS/list.o
                                0x2ba (size before relaxing)
 .debug_str     0x000004d9      0x120 FREE_RTOS/port.o
                                0x2b3 (size before relaxing)
 .debug_str     0x000005f9      0x5fd FREE_RTOS/queue.o
                                0x8c2 (size before relaxing)
 .debug_str     0x00000bf6      0x859 FREE_RTOS/tasks.o
                                0xd64 (size before relaxing)
 .debug_str     0x0000144f       0x6c HAL/keypad/keypad.o
                                0x198 (size before relaxing)
 .debug_str     0x000014bb      0x2b4 HAL/LCD/lcd.o
                                0x44d (size before relaxing)
 .debug_str     0x0000176f      0x186 main.o
                                0x4bc (size before relaxing)
 .debug_str     0x000018f5      0x1bc MCAL/ADC/ADC.o
                                0x381 (size before relaxing)
 .debug_str     0x00001ab1       0xa2 MCAL/DIO/DIO.o
                                0x27e (size before relaxing)
 .debug_str     0x00001b53      0x114 MCAL/TIMER/Timer.o
                                0x297 (size before relaxing)

.debug_loc      0x00000000     0x4c65
 *(.debug_loc)
 .debug_loc     0x00000000       0xf1 FREE_RTOS/heap_1.o
 .debug_loc     0x000000f1      0x145 FREE_RTOS/list.o
 .debug_loc     0x00000236      0x2a0 FREE_RTOS/port.o
 .debug_loc     0x000004d6     0x1917 FREE_RTOS/queue.o
 .debug_loc     0x00001ded     0x205e FREE_RTOS/tasks.o
 .debug_loc     0x00003e4b       0x8c HAL/keypad/keypad.o
 .debug_loc     0x00003ed7      0x6d6 HAL/LCD/lcd.o
 .debug_loc     0x000045ad      0x103 main.o
 .debug_loc     0x000046b0      0x2df MCAL/ADC/ADC.o
 .debug_loc     0x0000498f      0x144 MCAL/DIO/DIO.o
 .debug_loc     0x00004ad3      0x192 MCAL/TIMER/Timer.o

.debug_macinfo
 *(.debug_macinfo)

.debug_weaknames
 *(.debug_weaknames)

.debug_funcnames
 *(.debug_funcnames)

.debug_typenames
 *(.debug_typenames)

.debug_varnames
 *(.debug_varnames)

.debug_pubtypes
 *(.debug_pubtypes)

.debug_ranges   0x00000000      0x538
 *(.debug_ranges)
 .debug_ranges  0x00000000       0x28 FREE_RTOS/heap_1.o
 .debug_ranges  0x00000028       0x30 FREE_RTOS/list.o
 .debug_ranges  0x00000058       0x40 FREE_RTOS/port.o
 .debug_ranges  0x00000098      0x120 FREE_RTOS/queue.o
 .debug_ranges  0x000001b8      0x1c8 FREE_RTOS/tasks.o
 .debug_ranges  0x00000380       0x18 HAL/keypad/keypad.o
 .debug_ranges  0x00000398       0x60 HAL/LCD/lcd.o
 .debug_ranges  0x000003f8       0x50 main.o
 .debug_ranges  0x00000448       0x60 MCAL/ADC/ADC.o
 .debug_ranges  0x000004a8       0x40 MCAL/DIO/DIO.o
 .debug_ranges  0x000004e8       0x50 MCAL/TIMER/Timer.o

.debug_macro
 *(.debug_macro)
OUTPUT(FREE_RTOS_NTI.elf elf32-avr)
LOAD linker stubs
